2019-03-11 01:18:20.6904792 +0100 CET m=+0.002950101
team name:             alfa,  number of occupants: 2
team name:             beta,  number of occupants: 0
team name:            delta,  number of occupants: 1
team name:          foxtrot,  number of occupants: 2
team name:             gama,  number of occupants: 0
team name:            omega,  number of occupants: 0
team name:             zeta,  number of occupants: 0

2019-03-11 01:18:43.2591732 +0100 CET m=+0.003904201
team name:             alfa,  number of occupants: 2
team name:             beta,  number of occupants: 0
team name:            delta,  number of occupants: 1
team name:          foxtrot,  number of occupants: 2
team name:             gama,  number of occupants: 0
team name:            omega,  number of occupants: 0
team name:             zeta,  number of occupants: 0

2019-03-11 01:19:51.6171975 +0100 CET m=+0.003903701
team name:             alfa,  number of occupants: 2
team name:             beta,  number of occupants: 0
team name:            delta,  number of occupants: 1
team name:          foxtrot,  number of occupants: 2
team name:             gama,  number of occupants: 0
team name:            omega,  number of occupants: 0
team name:             zeta,  number of occupants: 0

2019-03-11 01:20:05.566873 +0100 CET m=+0.002913101
team name:             alfa,  number of occupants: 3
team name:             beta,  number of occupants: 0
team name:            delta,  number of occupants: 1
team name:          foxtrot,  number of occupants: 2
team name:             gama,  number of occupants: 0
team name:            omega,  number of occupants: 0
team name:             zeta,  number of occupants: 0

2019-03-11 01:23:21.7448488 +0100 CET m=+0.002933701
team name:             alfa,  number of occupants: 3
team name:             beta,  number of occupants: 0
team name:            delta,  number of occupants: 1
team name:          foxtrot,  number of occupants: 2
team name:             gama,  number of occupants: 0
team name:            omega,  number of occupants: 0
team name:             zeta,  number of occupants: 0

2019-03-11 00:25:04.4178349 +0000 UTC
team name:             alfa,  number of occupants: 3
team name:             beta,  number of occupants: 0
team name:            delta,  number of occupants: 1
team name:          foxtrot,  number of occupants: 2
team name:             gama,  number of occupants: 0
team name:            omega,  number of occupants: 0
team name:             zeta,  number of occupants: 0

